ASxxxx Linker V03.00 + NoICE + sdld,  page 1.
Hexadecimal  [32-Bits]

Area                                    Addr        Size        Decimal Bytes (Attributes)
--------------------------------        ----        ----        ------- ----- ------------
.  .ABS.                            00000000    00000000 =           0. bytes (ABS,CON)

      Value  Global                              Global Defined In Module
      -----  --------------------------------   ------------------------
     00000000  .__.ABS.                           
     00000000  l__CABS                         
     00000000  l__DABS                         
     00000000  l__HEADER                       
     00000000  l__HEAP                         
     00000000  s__CABS                         
     00000000  s__DABS                         
     00000000  s__HEADER                       
     00000000  s__HEADER0                      
     00000001  l__GSFINAL                      
     00000010  l__GSINIT                       
     0000001A  l__ROMDATA                      
     0000001C  l__HEADER0                      
     0000007C  l__HOME                         
     000000DA  l__DATA                         
     000001CA  l__INITIALIZED                  
     000001CA  l__INITIALIZER                  
     00000D77  l__CODE                         
     0000401C  s__CODE                         
     00004D93  s__HOME                         
     00004E0F  s__GSINIT                       
     00004E1F  s__GSFINAL                      
     00004E20  s__INITIALIZER                  
     00004FEA  s__ROMDATA                      
     0000C000  s__DATA                         
     0000C0DA  s__INITIALIZED                  
     0000C2A4  s__HEAP                         
ASxxxx Linker V03.00 + NoICE + sdld,  page 2.
Hexadecimal  [32-Bits]

Area                                    Addr        Size        Decimal Bytes (Attributes)
--------------------------------        ----        ----        ------- ----- ------------
_CODE                               0000401C    00000D77 =        3447. bytes (REL,CON)

      Value  Global                              Global Defined In Module
      -----  --------------------------------   ------------------------
     0000401C  __print                            main_msx
     0000403C  _writeCommand                      main_msx
     00004040  _writeData                         main_msx
     00004044  _readData                          main_msx
     00004048  _readStatus                        main_msx
     0000404C  _msx_enable_interrupt              main_msx
     0000404E  _msx_disable_interrupt             main_msx
     00004050  _print                             main_msx
     0000405C  _host_reset                        main_msx
     0000405F  _host_basic_interpreter            main_msx
     00004065  _host_go                           main_msx
     00004067  _host_writeByte                    main_msx
     00004078  _host_readByte                     main_msx
     0000407B  _main                              main_msx
     000041A7  _onCallMONITOR                     main_msx
     000041CC  _onDeviceMON_getId                 main_msx
     000041FF  _onDeviceMON_IO                    main_msx
     00004368  _strupr                            device
     0000438D  _msx_wait                          device
     00004394  _msdelay                           device
     000043A8  _millis_elapsed                    device
     000043B6  _reset                             device
     000043D5  _sendEP0ACK                        device
     000043DF  _sendEP0NAK                        device
     000043E9  _sendEP0STALL                      device
     000043F3  _writeDataForEndpoint0             device
     00004465  _writeDataForEndpoint2             device
     000044DF  _read_usb_data                     device
     00004517  _set_target_device_address         device
     00004528  _convertHex                        device
     00004579  _convertToStr                      device
     000045B4  _handleIHX                         device
     00004660  _print_memory                      device
     000046DC  _read_and_process_data             device
     00004930  _handleInterrupt                   device
     00004C7F  _check_exists                      device
     00004C96  _set_usb_host_mode                 device
     00004CC3  _initDevice                        device
     00004CE9  _toupper                           toupper
     00004CFB  _strlen                            
     00004D0A  __divsint                          
     00004D13  __divschar                         
     00004D1A  __div8                             
     00004D1E  __div_signexte                     
     00004D22  __div16                            
     00004D48  __get_remainder                    
     00004D52  __divuint                          
     00004D5A  __divuchar                         
     00004D61  __divu8                            
     00004D64  __divu16                           

ASxxxx Linker V03.00 + NoICE + sdld,  page 3.
Hexadecimal  [32-Bits]

Area                                    Addr        Size        Decimal Bytes (Attributes)
--------------------------------        ----        ----        ------- ----- ------------
_HEADER0                            00000000    0000001C =          28. bytes (ABS,CON)

      Value  Global                              Global Defined In Module
      -----  --------------------------------   ------------------------
     00004010  init                               

ASxxxx Linker V03.00 + NoICE + sdld,  page 4.
Hexadecimal  [32-Bits]

Area                                    Addr        Size        Decimal Bytes (Attributes)
--------------------------------        ----        ----        ------- ----- ------------
_HOME                               00004D93    0000007C =         124. bytes (REL,CON)

      Value  Global                              Global Defined In Module
      -----  --------------------------------   ------------------------
     00004D93  _call_expansion                    
     00004DC4  _device_expansion                  
     00004E03  compareString                      
ASxxxx Linker V03.00 + NoICE + sdld,  page 5.
Hexadecimal  [32-Bits]

Area                                    Addr        Size        Decimal Bytes (Attributes)
--------------------------------        ----        ----        ------- ----- ------------
_GSINIT                             00004E0F    00000010 =          16. bytes (REL,CON)

      Value  Global                              Global Defined In Module
      -----  --------------------------------   ------------------------
     00004E0F  gsinit                             

ASxxxx Linker V03.00 + NoICE + sdld,  page 6.
Hexadecimal  [32-Bits]

Area                                    Addr        Size        Decimal Bytes (Attributes)
--------------------------------        ----        ----        ------- ----- ------------
_GSFINAL                            00004E1F    00000001 =           1. bytes (REL,CON)

      Value  Global                              Global Defined In Module
      -----  --------------------------------   ------------------------
ASxxxx Linker V03.00 + NoICE + sdld,  page 7.
Hexadecimal  [32-Bits]

Area                                    Addr        Size        Decimal Bytes (Attributes)
--------------------------------        ----        ----        ------- ----- ------------
_INITIALIZER                        00004E20    000001CA =         458. bytes (REL,CON)

      Value  Global                              Global Defined In Module
      -----  --------------------------------   ------------------------
ASxxxx Linker V03.00 + NoICE + sdld,  page 8.
Hexadecimal  [32-Bits]

Area                                    Addr        Size        Decimal Bytes (Attributes)
--------------------------------        ----        ----        ------- ----- ------------
_ROMDATA                            00004FEA    0000001A =          26. bytes (REL,CON)

      Value  Global                              Global Defined In Module
      -----  --------------------------------   ------------------------
     00004FEA  callStatementIndex                 
     00004FEE  callStatement_MONITOR              
     00004FF8  deviceIndex                        
     00004FFC  device_MON                         

ASxxxx Linker V03.00 + NoICE + sdld,  page 9.
Hexadecimal  [32-Bits]

Area                                    Addr        Size        Decimal Bytes (Attributes)
--------------------------------        ----        ----        ------- ----- ------------
_DATA                               0000C000    000000DA =         218. bytes (REL,CON)

      Value  Global                              Global Defined In Module
      -----  --------------------------------   ------------------------
     0000C000  _heap_top                          
     0000C002  _dataToTransfer                    device
     0000C004  _dataToTransfer2                   device
     0000C006  _dataLength                        device
     0000C008  _dataLength2                       device
     0000C00A  _usb_device_address                device
     0000C00B  _usb_configuration_id              device
     0000C00C  _uart_parameters                   device
     0000C013  _request                           device
     0000C053  _length                            device
     0000C055  _resultBuffer                      device
     0000C096  _processing_command                device
     0000C097  _payload                           device
     0000C0D8  _payloadptr                        device

ASxxxx Linker V03.00 + NoICE + sdld,  page 10.
Hexadecimal  [32-Bits]

Area                                    Addr        Size        Decimal Bytes (Attributes)
--------------------------------        ----        ----        ------- ----- ------------
_INITIALIZED                        0000C0DA    000001CA =         458. bytes (REL,CON)

      Value  Global                              Global Defined In Module
      -----  --------------------------------   ------------------------
     0000C0DA  _bDeviceOk                         main_msx
     0000C0DB  _DevDes                            device
     0000C0ED  _ConDes                            device
     0000C130  _LangDes                           device
     0000C134  _MANUFACTURER_Des                  device
     0000C160  _PRODUCER_Des                      device
     0000C186  _PRODUCER_SN_Des                   device
     0000C198  _oneOneByte                        device
     0000C199  _oneZeroByte                       device
     0000C19A  _twoZeroBytes                      device
     0000C19C  _usb_terminal_open                 device
     0000C19D  _transaction_state                 device
     0000C19E  _WELCOME_MSG                       device
     0000C235  _UNKNOWN_MSG                       device
     0000C24B  _BYTES_MSG                         device
     0000C26D  _NEWLINE_MSG                       device
     0000C272  _memory_buffer                     device

ASxxxx Linker V03.00 + NoICE + sdld,  page 11.
Hexadecimal  [32-Bits]

Area                                    Addr        Size        Decimal Bytes (Attributes)
--------------------------------        ----        ----        ------- ----- ------------
_HEAP                               0000C2A4    00000000 =           0. bytes (REL,CON)

      Value  Global                              Global Defined In Module
      -----  --------------------------------   ------------------------
     0000C2A4  _HEAP_start                        

ASxxxx Linker V03.00 + NoICE + sdld,  page 12.

Files Linked                              [ module(s) ]

build-msx/objs/msxromcrt0.rel             [  ]
build-msx/objs/main-msx.rel               [ main_msx ]
build-msx/objs/device.rel                 [ device ]


Libraries Linked                          [ object file ]

/Users/mario/Development/msx/Compilers/sdcc/bin/../share/sdcc/lib/z80/z80.lib
                                          [ toupper.rel ]
/Users/mario/Development/msx/Compilers/sdcc/bin/../share/sdcc/lib/z80/z80.lib
                                          [ strlen.rel ]
/Users/mario/Development/msx/Compilers/sdcc/bin/../share/sdcc/lib/z80/z80.lib
                                          [ divsigned.rel ]
/Users/mario/Development/msx/Compilers/sdcc/bin/../share/sdcc/lib/z80/z80.lib
                                          [ divunsigned.rel ]

ASxxxx Linker V03.00 + NoICE + sdld,  page 13.

User Base Address Definitions

_CODE = 0x401c
_DATA = 0xc000

